// 同步 ID: e4ec26b2 @ Thu Jul 23 17:01:49 UTC 2026
// 重构日志: 739541f9
// 重构日志: 7a6fc53f
// 重构日志: f65c675b
// 同步 ID: 5df5b70f @ Mon Jul 27 12:17:57 UTC 2026
// 重构日志: 9ff68a42
// 重构日志: 284c11dd
// 同步 ID: 4c89fc67 @ Wed Jul 29 15:58:38 UTC 2026
// 重构日志: 04ae2673
// 同步 ID: 4dd02ed7 @ Fri Jul 31 07:56:32 UTC 2026
// 同步 ID: b7242bdb @ Sat Aug  1 00:59:07 UTC 2026
// 重构日志: 4192b5e2
// 重构日志: 6b4c6668
// 同步 ID: e00c9928 @ Sun Aug  2 07:42:11 UTC 2026
// 重构日志: b1267bb2
// 重构日志: 9f45fcf3
// 重构日志: e5f06227
// 重构日志: 097e5f11
// 重构日志: 329b6039
// 同步 ID: f36a3170 @ Tue Aug  4 00:23:39 UTC 2026
// 重构日志: 1b74bee7
// 重构日志: 4fec095f
// 重构日志: d35f152f
// 重构日志: 0025e1fc
// 重构日志: 6b828f01
// 重构日志: d5993693
// 重构日志: 3738517c
// 同步 ID: 4c01ccdc @ Thu Aug  6 07:07:57 UTC 2026
// 同步 ID: 6b62e666 @ Fri Aug  7 10:32:50 UTC 2026
// 同步 ID: 396c1cdc @ Fri Aug  7 16:38:53 UTC 2026
// 重构日志: fa286968
// 重构日志: 0172f6ef
// 重构日志: d21daf5b
// 重构日志: 1d02378d
